================================================================
== Unoptimized
================================================================
+ Timing: 
    * Summary: 
    +--------+---------+----------+------------+
    |  Clock |  Target | Estimated| Uncertainty|
    +--------+---------+----------+------------+
    |ap_clk  |  3.30 ns|  4.684 ns|     0.89 ns|
    +--------+---------+----------+------------+

+ Latency: 
    * Summary: 
    +----------+----------+-----------+-----------+----------+----------+---------+
    |   Latency (cycles)  |   Latency (absolute)  |       Interval      | Pipeline|
    |    min   |    max   |    min    |    max    |    min   |    max   |   Type  |
    +----------+----------+-----------+-----------+----------+----------+---------+
    |  17106305|  17106305|  80.126 ms|  80.126 ms|  17106306|  17106306|     none|
    +----------+----------+-----------+-----------+----------+----------+---------+

    + Detail: 
        * Instance: 
        N/A

        * Loop: 
        +-------------------+----------+----------+----------+-----------+-----------+------+----------+
        |                   |   Latency (cycles)  | Iteration|  Initiation Interval  | Trip |          |
        |     Loop Name     |    min   |    max   |  Latency |  achieved |   target  | Count| Pipelined|
        +-------------------+----------+----------+----------+-----------+-----------+------+----------+
        |- OUTER_LOOP       |  17106304|  17106304|    133643|          -|          -|   128|        no|
        | + LOAD_LOOP_A     |       128|       128|         2|          1|          1|   128|       yes|
        | + LOAD_LOOP_C     |       133|       133|         7|          1|          1|   128|       yes|
        | + INNER_LOOP      |    133376|    133376|      1042|          -|          -|   128|        no|
        |  ++ LOAD_LOOP_B   |       128|       128|         2|          1|          1|   128|       yes|
        |  ++ COMPUTE_LOOP  |       778|       778|        17|          6|          1|   128|       yes|
        |  ++ STORE_LOOP    |       128|       128|         2|          1|          1|   128|       yes|
        +-------------------+----------+----------+----------+-----------+-----------+------+----------+

================================================================
== optimized : pipelining for inner loop

pipiling store functions is done automatically, so doing it manually, there is no noticable difference
================================================================

+ Timing: 
    * Summary: 
    +--------+---------+----------+------------+
    |  Clock |  Target | Estimated| Uncertainty|
    +--------+---------+----------+------------+
    |ap_clk  |  3.30 ns|  2.905 ns|     0.89 ns|
    +--------+---------+----------+------------+

+ Latency: 
    * Summary: 
    +---------+---------+----------+----------+---------+---------+---------+
    |  Latency (cycles) |  Latency (absolute) |      Interval     | Pipeline|
    |   min   |   max   |    min   |    max   |   min   |   max   |   Type  |
    +---------+---------+----------+----------+---------+---------+---------+
    |  1207169|  1207169|  3.984 ms|  3.984 ms|  1207170|  1207170|     none|
    +---------+---------+----------+----------+---------+---------+---------+

    + Detail: 
        * Instance: 
        N/A

        * Loop: 
        +----------------+---------+---------+----------+-----------+-----------+------+----------+
        |                |  Latency (cycles) | Iteration|  Initiation Interval  | Trip |          |
        |    Loop Name   |   min   |   max   |  Latency |  achieved |   target  | Count| Pipelined|
        +----------------+---------+---------+----------+-----------+-----------+------+----------+
        |- OUTER_LOOP    |  1207168|  1207168|      9431|          -|          -|   128|        no|
        | + LOAD_LOOP_A  |      128|      128|         2|          1|          1|   128|       yes|
        | + LOAD_LOOP_C  |      133|      133|         7|          1|          1|   128|       yes|
        | + INNER_LOOP   |     9095|     9095|       968|         64|          1|   128|       yes|
        +----------------+---------+---------+----------+-----------+-----------+------+----------+

================================================================
== optimized : bind_op dsp, on top of the previous
noticed no difference than before
================================================================