

================================================================
== Synthesis Summary Report of 'mm'
================================================================
+ General Information: 
    * Date:           Sat Oct 15 01:04:13 2022
    * Version:        2020.2.2 (Build 3118627 on Tue Feb  9 05:13:49 MST 2021)
    * Project:        mm.prj
    * Solution:       solution3 (Vivado IP Flow Target)
    * Product family: virtexuplus
    * Target device:  xcu50-fsvh2104-2-e
    

+ Performance & Resource Estimates: 
    
    PS: '+' for module; 'o' for loop; '*' for dataflow
    +-------------------+--------+-------+-------------+-----------+----------+-------------+------+----------+---------+---------+------------+------------+-----+
    |      Modules      |  Issue |       |   Latency   |  Latency  | Iteration|             | Trip |          |         |         |            |            |     |
    |      & Loops      |  Type  | Slack |   (cycles)  |    (ns)   |  Latency |   Interval  | Count| Pipelined|  BRAM   |   DSP   |     FF     |     LUT    | URAM|
    +-------------------+--------+-------+-------------+-----------+----------+-------------+------+----------+---------+---------+------------+------------+-----+
    |+ mm               |  Timing|   1.02|  11836339201|  3.802e+10|         -|  11836339202|     -|        no|  6 (~0%)|  5 (~0%)|  1274 (~0%)|  1162 (~0%)|    -|
    | o OUTER_LOOP      |       -|  -2.19|  11836339200|  3.802e+10|  11558925|            -|  1024|        no|        -|        -|           -|           -|    -|
    |  o LOAD_LOOP_A    |       -|  -2.19|         1025|  3.292e+03|         3|            1|  1024|       yes|        -|        -|           -|           -|    -|
    |  o LOAD_LOOP_C    |       -|  -2.19|         1030|  3.308e+03|         8|            1|  1024|       yes|        -|        -|           -|           -|    -|
    |  o INNER_LOOP     |       -|  -2.19|     11556864|  3.712e+07|     11286|            -|  1024|        no|        -|        -|           -|           -|    -|
    |   o LOAD_LOOP_B   |       -|  -2.19|         1025|  3.292e+03|         3|            1|  1024|       yes|        -|        -|           -|           -|    -|
    |   o COMPUTE_LOOP  |      II|  -2.19|         9228|  2.964e+04|        22|            9|  1024|       yes|        -|        -|           -|           -|    -|
    |   o STORE_LOOP    |       -|  -2.19|         1025|  3.292e+03|         3|            1|  1024|       yes|        -|        -|           -|           -|    -|
    +-------------------+--------+-------+-------------+-----------+----------+-------------+------+----------+---------+---------+------------+------------+-----+

