

================================================================
== Synthesis Summary Report of 'mm'
================================================================
+ General Information: 
    * Date:           Sat Oct 15 14:10:12 2022
    * Version:        2020.2.2 (Build 3118627 on Tue Feb  9 05:13:49 MST 2021)
    * Project:        mm.prj
    * Solution:       solution3 (Vivado IP Flow Target)
    * Product family: virtexuplus
    * Target device:  xcu50-fsvh2104-2-e
    

+ Performance & Resource Estimates: 
    
    PS: '+' for module; 'o' for loop; '*' for dataflow
    +-----------------+--------+-------+----------+-----------+----------+----------+------+----------+------+----------+------------+------------+-----+
    |     Modules     |  Issue |       | Latency  |  Latency  | Iteration|          | Trip |          |      |          |            |            |     |
    |     & Loops     |  Type  | Slack | (cycles) |    (ns)   |  Latency | Interval | Count| Pipelined| BRAM |    DSP   |     FF     |     LUT    | URAM|
    +-----------------+--------+-------+----------+-----------+----------+----------+------+----------+------+----------+------------+------------+-----+
    |+ mm             |  Timing|   0.56|  11675649|  3.853e+07|         -|  11675650|     -|        no|     -|  57 (~0%)|  30359 (1%)|  17457 (2%)|    -|
    | o OUTER_LOOP    |       -|  -2.41|  11675648|  3.853e+07|     91216|         -|   128|        no|     -|         -|           -|           -|    -|
    |  o LOAD_LOOP_A  |       -|  -2.41|       128|    422.400|         2|         1|   128|       yes|     -|         -|           -|           -|    -|
    |  o LOAD_LOOP_C  |       -|  -2.41|       134|    442.200|         7|         1|   128|       yes|     -|         -|           -|           -|    -|
    |  o INNER_LOOP   |       -|  -2.41|     90880|  2.999e+05|       710|         -|   128|        no|     -|         -|           -|           -|    -|
    +-----------------+--------+-------+----------+-----------+----------+----------+------+----------+------+----------+------------+------------+-----+

