

================================================================
== Synthesis Summary Report of 'mm'
================================================================
+ General Information: 
    * Date:           Mon Oct 17 22:32:06 2022
    * Version:        2020.2.2 (Build 3118627 on Tue Feb  9 05:13:49 MST 2021)
    * Project:        mm.prj
    * Solution:       solution2 (Vivado IP Flow Target)
    * Product family: virtexuplus
    * Target device:  xcu50-fsvh2104-2-e
    

+ Performance & Resource Estimates: 
    
    PS: '+' for module; 'o' for loop; '*' for dataflow
    +-------------------------------+--------+-------+---------+-----------+----------+---------+------+----------+------+----------+------------+------------+-----+
    |            Modules            |  Issue |       | Latency |  Latency  | Iteration|         | Trip |          |      |          |            |            |     |
    |            & Loops            |  Type  | Slack | (cycles)|    (ns)   |  Latency | Interval| Count| Pipelined| BRAM |    DSP   |     FF     |     LUT    | URAM|
    +-------------------------------+--------+-------+---------+-----------+----------+---------+------+----------+------+----------+------------+------------+-----+
    |+ mm                           |  Timing|   0.18|    67745|  2.256e+05|         -|    67746|     -|        no|     -|  160 (2%)|  22745 (1%)|  12119 (1%)|    -|
    | o OUTER_LOOP                  |       -|  -2.43|    67744|  2.256e+05|      2117|        -|    32|        no|     -|         -|           -|           -|    -|
    |  o COPY_LOOP_A                |       -|  -2.43|       32|    106.560|         2|        1|    32|       yes|     -|         -|           -|           -|    -|
    |  o COPY_LOOP_C                |       -|  -2.43|       37|    123.210|         7|        1|    32|       yes|     -|         -|           -|           -|    -|
    |  o COUNT_LOOP                 |       -|  -2.43|     1996|  6.647e+03|       499|        -|     4|        no|     -|         -|           -|           -|    -|
    |   o OUTER_LOOP_B_COPY_LOOP_B  |       -|  -2.43|      257|    855.810|         3|        1|   256|       yes|     -|         -|           -|           -|    -|
    |   o INNER_LOOP                |       -|  -2.43|      237|    789.210|       231|        1|     8|       yes|     -|         -|           -|           -|    -|
    |  o COPY_LOOP_STORE            |       -|  -2.43|       32|    106.560|         2|        1|    32|       yes|     -|         -|           -|           -|    -|
    +-------------------------------+--------+-------+---------+-----------+----------+---------+------+----------+------+----------+------------+------------+-----+

