

================================================================
== Synthesis Summary Report of 'mm'
================================================================
+ General Information: 
    * Date:           Fri Oct 14 21:52:09 2022
    * Version:        2020.2.2 (Build 3118627 on Tue Feb  9 05:13:49 MST 2021)
    * Project:        mm.prj
    * Solution:       solution1 (Vivado IP Flow Target)
    * Product family: virtexuplus
    * Target device:  xcu50-fsvh2104-2-e
    

+ Performance & Resource Estimates: 
    
    PS: '+' for module; 'o' for loop; '*' for dataflow
    +----------------+--------+-------+--------------+-----------+-----------+--------------+------+----------+------+---------+------------+------------+-----+
    |     Modules    |  Issue |       |   Latency    |  Latency  | Iteration |              | Trip |          |      |         |            |            |     |
    |     & Loops    |  Type  | Slack |   (cycles)   |    (ns)   |  Latency  |   Interval   | Count| Pipelined| BRAM |   DSP   |     FF     |     LUT    | URAM|
    +----------------+--------+-------+--------------+-----------+-----------+--------------+------+----------+------+---------+------------+------------+-----+
    |+ mm            |  Timing|   1.02|  756316950529|  2.429e+12|          -|  756316950530|     -|        no|     -|  5 (~0%)|  1318 (~0%)|  1192 (~0%)|    -|
    | o OUTER_LOOP   |       -|  -2.19|  756316950528|  2.429e+12|  184647693|             -|  4096|        no|     -|        -|           -|           -|    -|
    |  o COPY_LOOP   |       -|  -2.19|          4097|  1.316e+04|          3|             1|  4096|       yes|     -|        -|           -|           -|    -|
    |  o COPY_LOOP   |       -|  -2.19|          4102|  1.318e+04|          8|             1|  4096|       yes|     -|        -|           -|           -|    -|
    |  o INNER_LOOP  |       -|  -2.19|     184639488|  5.931e+08|      45078|             -|  4096|        no|     -|        -|           -|           -|    -|
    |   o COPY_LOOP  |       -|  -2.19|          4097|  1.316e+04|          3|             1|  4096|       yes|     -|        -|           -|           -|    -|
    |   o MULT_LOOP  |      II|  -2.19|         36876|  1.184e+05|         22|             9|  4096|       yes|     -|        -|           -|           -|    -|
    |   o COPY_LOOP  |       -|  -2.19|          4097|  1.316e+04|          3|             1|  4096|       yes|     -|        -|           -|           -|    -|
    +----------------+--------+-------+--------------+-----------+-----------+--------------+------+----------+------+---------+------------+------------+-----+

